// Jest Snapshot v1, https://goo.gl/fbAQLP

exports[`Tests in <AppRouter/> should show login if is not athenticated 1`] = `
<div>
  <div
    className="container mt-5"
  >
    <h1>
      Login Screen
    </h1>
    <hr />
    <button
      className="btn btn-danger"
      onClick={[Function]}
    >
      Login
    </button>
  </div>
</div>
`;
